
> aura-3d-explorer@1.0.0 build
> next build --webpack

▲ Next.js 16.3.8 (webpack)
- Environments: .env.local
✓ Running next.config.mjs took 7ms

  Creating an optimized production build ...
✓ Compiled successfully in 4.4s
  Running TypeScript ...
  Finished TypeScript in 2.7s ...
  Collecting page data using 7 workers ...
  Generating static pages using 7 workers (0/33) ...
  Generating static pages using 7 workers (8/33) 
  Generating static pages using 7 workers (16/33) 
  Generating static pages using 7 workers (24/33) 
✓ Generating static pages using 7 workers (33/33) in 167ms
  Finalizing page optimization ...
  Collecting build traces ...

Route (app)
┌ ƒ /
├ ƒ /_not-found
├ ƒ /api/assistant
├ ƒ /api/engine
├ ƒ /api/site/context
├ ƒ /api/site/geocode
├ ƒ /developers
├ ƒ /engine
├ ○ /icon.svg
├ ƒ /projects
├ ƒ /projects/[slug]
├ ƒ /render/[slug]
├ ƒ /studio
└ ƒ /tour


ƒ Proxy (Middleware)

○  (Static)   prerendered as static content
ƒ  (Dynamic)  server-rendered on demand

